DIST 16 32 0 1 {'standard': 756.736, 'replay': 7798.784, 'flush': 3510.272}
DIST 16 32 1 1 {'standard': 758.784, 'replay': 7796.736, 'flush': 3512.32}
DIST 16 32 2 1 {'standard': 757.76, 'replay': 7799.808, 'flush': 3510.272}
DIST 16 32 3 1 {'standard': 758.784, 'replay': 7796.736, 'flush': 3512.32}
DIST 16 32 4 1 {'standard': 756.736, 'replay': 7792.64, 'flush': 3512.32}
DIST 16 32 5 1 {'standard': 758.784, 'replay': 7803.904, 'flush': 3513.344}
DIST 16 32 6 1 {'standard': 756.736, 'replay': 7797.76, 'flush': 3503.104}
DIST 16 32 7 1 {'standard': 758.784, 'replay': 7798.784, 'flush': 3515.392}
DIST 16 32 8 1 {'standard': 758.784, 'replay': 7799.808, 'flush': 3507.2}
DIST 16 32 9 1 {'standard': 756.736, 'replay': 7805.952, 'flush': 3517.44}
DIST 16 32 10 1 {'standard': 756.736, 'replay': 7801.856, 'flush': 3511.296}
DIST 16 32 11 1 {'standard': 758.784, 'replay': 7798.784, 'flush': 3511.296}
DIST 16 32 12 1 {'standard': 757.76, 'replay': 7793.664, 'flush': 3515.392}
DIST 16 32 13 1 {'standard': 757.76, 'replay': 7796.736, 'flush': 3513.344}
DIST 16 32 14 1 {'standard': 758.784, 'replay': 7813.12, 'flush': 3508.224}
DIST 16 32 15 1 {'standard': 756.736, 'replay': 7800.832, 'flush': 3519.488}
DIST 16 32 16 1 {'standard': 757.76, 'replay': 7801.856, 'flush': 3514.368}
DIST 16 32 17 1 {'standard': 757.76, 'replay': 7788.544, 'flush': 3518.464}
DIST 16 32 18 1 {'standard': 757.76, 'replay': 7802.88, 'flush': 3513.344}
DIST 16 32 19 1 {'standard': 756.736, 'replay': 7803.904, 'flush': 3517.44}
DIST 16 32 20 1 {'standard': 756.736, 'replay': 7805.952, 'flush': 3514.368}
DIST 16 32 21 1 {'standard': 757.76, 'replay': 7797.76, 'flush': 3514.368}
DIST 16 32 22 1 {'standard': 756.736, 'replay': 7793.664, 'flush': 3510.272}
DIST 16 32 23 1 {'standard': 758.784, 'replay': 7794.688, 'flush': 3512.32}
DIST 16 32 24 1 {'standard': 758.784, 'replay': 7795.712, 'flush': 3516.416}
DIST 16 32 25 1 {'standard': 757.76, 'replay': 7805.952, 'flush': 3516.416}
DIST 16 32 26 1 {'standard': 756.736, 'replay': 7804.928, 'flush': 3513.344}
DIST 16 32 27 1 {'standard': 756.736, 'replay': 7806.976, 'flush': 3513.344}
DIST 16 32 28 1 {'standard': 757.76, 'replay': 7804.928, 'flush': 3513.344}
DIST 16 32 29 1 {'standard': 758.784, 'replay': 7805.952, 'flush': 3516.416}
DIST 16 32 30 1 {'standard': 755.712, 'replay': 7808.0, 'flush': 3512.32}
DIST 16 32 31 1 {'standard': 758.784, 'replay': 7801.856, 'flush': 3512.32}
DIST 16 32 32 1 {'standard': 756.736, 'replay': 7804.928, 'flush': 3514.368}
DIST 16 32 33 1 {'standard': 757.76, 'replay': 7799.808, 'flush': 3516.416}
DIST 16 32 34 1 {'standard': 757.76, 'replay': 7811.072, 'flush': 3516.416}
DIST 16 32 35 1 {'standard': 756.736, 'replay': 7796.736, 'flush': 3518.464}
DIST 16 32 36 1 {'standard': 757.76, 'replay': 7797.76, 'flush': 3514.368}
DIST 16 32 37 1 {'standard': 758.784, 'replay': 7799.808, 'flush': 3518.464}
DIST 16 32 38 1 {'standard': 758.784, 'replay': 7806.976, 'flush': 3520.512}
DIST 16 32 39 1 {'standard': 757.76, 'replay': 7790.592, 'flush': 3516.416}
DIST 16 32 40 1 {'standard': 757.76, 'replay': 7805.952, 'flush': 3520.512}
DIST 16 32 41 1 {'standard': 758.784, 'replay': 7806.976, 'flush': 3517.44}
DIST 16 32 42 1 {'standard': 757.76, 'replay': 7803.904, 'flush': 3515.392}
DIST 16 32 43 1 {'standard': 756.736, 'replay': 7794.688, 'flush': 3526.656}
DIST 16 32 44 1 {'standard': 757.76, 'replay': 7798.784, 'flush': 3518.464}
DIST 16 32 45 1 {'standard': 757.76, 'replay': 7803.904, 'flush': 3517.44}
DIST 16 32 46 1 {'standard': 756.736, 'replay': 7805.952, 'flush': 3519.488}
DIST 16 32 47 1 {'standard': 758.784, 'replay': 7811.072, 'flush': 3518.464}
DIST 16 32 48 1 {'standard': 757.76, 'replay': 7802.88, 'flush': 3522.56}
DIST 16 32 49 1 {'standard': 757.76, 'replay': 7796.736, 'flush': 3515.392}
DIST 16 32 50 1 {'standard': 755.712, 'replay': 7809.024, 'flush': 3516.416}
DIST 16 32 51 1 {'standard': 756.736, 'replay': 7813.12, 'flush': 3521.536}
DIST 16 32 52 1 {'standard': 756.736, 'replay': 7794.688, 'flush': 3518.464}
DIST 16 32 53 1 {'standard': 756.736, 'replay': 7806.976, 'flush': 3525.632}
DIST 16 32 54 1 {'standard': 757.76, 'replay': 7804.928, 'flush': 3520.512}
DIST 16 32 55 1 {'standard': 757.76, 'replay': 7805.952, 'flush': 3518.464}
DIST 16 32 56 1 {'standard': 758.784, 'replay': 7805.952, 'flush': 3525.632}
DIST 16 32 57 1 {'standard': 756.736, 'replay': 7808.0, 'flush': 3517.44}
DIST 16 32 58 1 {'standard': 756.736, 'replay': 7794.688, 'flush': 3520.512}
DIST 16 32 59 1 {'standard': 756.736, 'replay': 7806.976, 'flush': 3525.632}
DIST 16 32 60 1 {'standard': 757.76, 'replay': 7809.024, 'flush': 3522.56}
DIST 16 32 61 1 {'standard': 757.76, 'replay': 7803.904, 'flush': 3522.56}
DIST 16 32 62 1 {'standard': 758.784, 'replay': 7808.0, 'flush': 3519.488}
DIST 16 32 63 1 {'standard': 758.784, 'replay': 7798.784, 'flush': 3519.488}
DIST 16 32 64 1 {'standard': 756.736, 'replay': 7803.904, 'flush': 3519.488}
DIST 16 32 0 30 {'standard': 783.121, 'replay': 7798.238, 'flush': 3551.334}
DIST 16 32 1 30 {'standard': 783.599, 'replay': 7801.822, 'flush': 3516.075}
DIST 16 32 2 30 {'standard': 783.087, 'replay': 7806.02, 'flush': 3549.15}
DIST 16 32 3 30 {'standard': 783.087, 'replay': 7802.573, 'flush': 3517.884}
DIST 16 32 4 30 {'standard': 783.428, 'replay': 7799.364, 'flush': 3546.522}
DIST 16 32 5 30 {'standard': 783.326, 'replay': 7805.44, 'flush': 3515.699}
DIST 16 32 6 30 {'standard': 783.155, 'replay': 7801.89, 'flush': 3558.366}
DIST 16 32 7 30 {'standard': 783.497, 'replay': 7847.083, 'flush': 3516.894}
DIST 16 32 8 30 {'standard': 783.497, 'replay': 7800.661, 'flush': 3522.731}
DIST 16 32 9 30 {'standard': 783.462, 'replay': 7804.587, 'flush': 3557.649}
DIST 16 32 10 30 {'standard': 783.667, 'replay': 7813.018, 'flush': 3517.508}
DIST 16 32 11 30 {'standard': 783.462, 'replay': 7805.03, 'flush': 3520.0}
DIST 16 32 12 30 {'standard': 783.497, 'replay': 7832.405, 'flush': 3516.757}
DIST 16 32 13 30 {'standard': 784.213, 'replay': 7809.194, 'flush': 3517.918}
DIST 16 32 14 30 {'standard': 784.043, 'replay': 7811.618, 'flush': 3519.044}
DIST 16 32 15 30 {'standard': 783.36, 'replay': 7847.322, 'flush': 3519.044}
DIST 16 32 16 30 {'standard': 783.667, 'replay': 7805.372, 'flush': 3518.396}
DIST 16 32 17 30 {'standard': 783.394, 'replay': 7818.513, 'flush': 3522.97}
DIST 16 32 18 30 {'standard': 783.326, 'replay': 7812.232, 'flush': 3523.106}
DIST 16 32 19 30 {'standard': 783.667, 'replay': 7812.232, 'flush': 3522.492}
DIST 16 32 20 30 {'standard': 783.633, 'replay': 7820.629, 'flush': 3568.538}
DIST 16 32 21 30 {'standard': 784.316, 'replay': 7823.497, 'flush': 3520.41}
DIST 16 32 22 30 {'standard': 783.599, 'replay': 7815.646, 'flush': 3520.512}
DIST 16 32 23 30 {'standard': 783.565, 'replay': 7814.144, 'flush': 3521.468}
DIST 16 32 24 30 {'standard': 783.701, 'replay': 7816.977, 'flush': 3566.831}
DIST 16 32 25 30 {'standard': 783.019, 'replay': 7809.912, 'flush': 3571.029}
DIST 16 32 26 30 {'standard': 783.394, 'replay': 7847.219, 'flush': 3526.485}
DIST 16 32 27 30 {'standard': 783.087, 'replay': 7851.52, 'flush': 3522.765}
DIST 16 32 28 30 {'standard': 783.019, 'replay': 7844.249, 'flush': 3524.062}
DIST 16 32 29 30 {'standard': 783.667, 'replay': 7810.628, 'flush': 3524.54}
DIST 16 32 30 30 {'standard': 783.667, 'replay': 7827.866, 'flush': 3522.56}
DIST 16 32 31 30 {'standard': 783.36, 'replay': 7817.625, 'flush': 3523.277}
DIST 16 32 32 30 {'standard': 783.599, 'replay': 7809.707, 'flush': 3526.656}
DIST 16 32 33 30 {'standard': 783.292, 'replay': 7811.55, 'flush': 3562.428}
DIST 16 32 34 30 {'standard': 783.326, 'replay': 7854.387, 'flush': 3525.018}
DIST 16 32 35 30 {'standard': 783.838, 'replay': 7813.598, 'flush': 3523.55}
DIST 16 32 36 30 {'standard': 783.462, 'replay': 7817.216, 'flush': 3524.54}
DIST 16 32 37 30 {'standard': 783.462, 'replay': 7812.096, 'flush': 3555.977}
DIST 16 32 38 30 {'standard': 783.77, 'replay': 7813.632, 'flush': 3570.176}
DIST 16 32 39 30 {'standard': 783.428, 'replay': 7818.377, 'flush': 3524.676}
DIST 16 32 40 30 {'standard': 783.565, 'replay': 7852.339, 'flush': 3525.086}
DIST 16 32 41 30 {'standard': 783.497, 'replay': 7818.479, 'flush': 3529.83}
DIST 16 32 42 30 {'standard': 783.599, 'replay': 7823.77, 'flush': 3530.206}
DIST 16 32 43 30 {'standard': 783.189, 'replay': 7870.396, 'flush': 3530.82}
DIST 16 32 44 30 {'standard': 783.292, 'replay': 7876.437, 'flush': 3522.97}
DIST 16 32 45 30 {'standard': 783.326, 'replay': 7816.636, 'flush': 3524.983}
DIST 16 32 46 30 {'standard': 784.486, 'replay': 7814.622, 'flush': 3527.407}
DIST 16 32 47 30 {'standard': 784.077, 'replay': 7814.247, 'flush': 3529.011}
DIST 16 32 48 30 {'standard': 783.701, 'replay': 7832.064, 'flush': 3527.305}
DIST 16 32 49 30 {'standard': 783.565, 'replay': 7817.591, 'flush': 3531.332}
DIST 16 32 50 30 {'standard': 783.428, 'replay': 7861.624, 'flush': 3523.755}
DIST 16 32 51 30 {'standard': 783.906, 'replay': 7815.748, 'flush': 3563.964}
DIST 16 32 52 30 {'standard': 783.599, 'replay': 7815.51, 'flush': 3528.909}
DIST 16 32 53 30 {'standard': 783.394, 'replay': 7816.533, 'flush': 3565.705}
DIST 16 32 54 30 {'standard': 783.462, 'replay': 7814.826, 'flush': 3530.752}
DIST 16 32 55 30 {'standard': 783.497, 'replay': 7838.481, 'flush': 3530.957}
DIST 16 32 56 30 {'standard': 783.701, 'replay': 7840.768, 'flush': 3525.257}
DIST 16 32 57 30 {'standard': 783.565, 'replay': 7855.445, 'flush': 3529.079}
DIST 16 32 58 30 {'standard': 783.428, 'replay': 7817.387, 'flush': 3530.342}
DIST 16 32 59 30 {'standard': 783.804, 'replay': 7814.895, 'flush': 3530.342}
DIST 16 32 60 30 {'standard': 783.667, 'replay': 7815.646, 'flush': 3567.445}
DIST 16 32 61 30 {'standard': 783.292, 'replay': 7813.803, 'flush': 3569.118}
DIST 16 32 62 30 {'standard': 783.838, 'replay': 7814.997, 'flush': 3558.468}
DIST 16 32 63 30 {'standard': 783.394, 'replay': 7816.26, 'flush': 3577.685}
DIST 16 32 64 30 {'standard': 783.667, 'replay': 7856.299, 'flush': 3529.796}
