DIST 16 8 0 1 {'standard': 224.256, 'replay': 158.72, 'flush': 157.696}
DIST 16 8 1 1 {'standard': 224.256, 'replay': 159.744, 'flush': 158.72}
DIST 16 8 2 1 {'standard': 223.232, 'replay': 159.744, 'flush': 158.72}
DIST 16 8 3 1 {'standard': 224.256, 'replay': 158.72, 'flush': 158.72}
DIST 16 8 4 1 {'standard': 224.256, 'replay': 159.744, 'flush': 158.72}
DIST 16 8 5 1 {'standard': 224.256, 'replay': 159.744, 'flush': 158.72}
DIST 16 8 6 1 {'standard': 223.232, 'replay': 159.744, 'flush': 159.744}
DIST 16 8 7 1 {'standard': 224.256, 'replay': 159.744, 'flush': 159.744}
DIST 16 8 8 1 {'standard': 224.256, 'replay': 160.768, 'flush': 159.744}
DIST 16 8 9 1 {'standard': 223.232, 'replay': 161.792, 'flush': 159.744}
DIST 16 8 10 1 {'standard': 224.256, 'replay': 161.792, 'flush': 159.744}
DIST 16 8 11 1 {'standard': 224.256, 'replay': 160.768, 'flush': 159.744}
DIST 16 8 12 1 {'standard': 224.256, 'replay': 161.792, 'flush': 159.744}
DIST 16 8 13 1 {'standard': 223.232, 'replay': 160.768, 'flush': 160.768}
DIST 16 8 14 1 {'standard': 223.232, 'replay': 161.792, 'flush': 160.768}
DIST 16 8 15 1 {'standard': 223.232, 'replay': 161.792, 'flush': 160.768}
DIST 16 8 16 1 {'standard': 224.256, 'replay': 161.792, 'flush': 160.768}
DIST 16 8 17 1 {'standard': 223.232, 'replay': 161.792, 'flush': 160.768}
DIST 16 8 18 1 {'standard': 224.256, 'replay': 161.792, 'flush': 160.768}
DIST 16 8 19 1 {'standard': 223.232, 'replay': 161.792, 'flush': 161.792}
DIST 16 8 20 1 {'standard': 224.256, 'replay': 161.792, 'flush': 160.768}
DIST 16 8 21 1 {'standard': 224.256, 'replay': 162.816, 'flush': 161.792}
DIST 16 8 22 1 {'standard': 224.256, 'replay': 162.816, 'flush': 161.792}
DIST 16 8 23 1 {'standard': 224.256, 'replay': 163.84, 'flush': 161.792}
DIST 16 8 24 1 {'standard': 224.256, 'replay': 163.84, 'flush': 161.792}
DIST 16 8 25 1 {'standard': 224.256, 'replay': 163.84, 'flush': 161.792}
DIST 16 8 26 1 {'standard': 223.232, 'replay': 162.816, 'flush': 161.792}
DIST 16 8 27 1 {'standard': 224.256, 'replay': 164.864, 'flush': 161.792}
DIST 16 8 28 1 {'standard': 223.232, 'replay': 164.864, 'flush': 161.792}
DIST 16 8 29 1 {'standard': 224.256, 'replay': 163.84, 'flush': 162.816}
DIST 16 8 30 1 {'standard': 223.232, 'replay': 164.864, 'flush': 161.792}
DIST 16 8 31 1 {'standard': 224.256, 'replay': 164.864, 'flush': 161.792}
DIST 16 8 32 1 {'standard': 223.232, 'replay': 164.864, 'flush': 161.792}
DIST 16 8 33 1 {'standard': 224.256, 'replay': 164.864, 'flush': 162.816}
DIST 16 8 34 1 {'standard': 223.232, 'replay': 164.864, 'flush': 162.816}
DIST 16 8 35 1 {'standard': 223.232, 'replay': 165.888, 'flush': 162.816}
DIST 16 8 36 1 {'standard': 223.232, 'replay': 164.864, 'flush': 162.816}
DIST 16 8 37 1 {'standard': 223.232, 'replay': 164.864, 'flush': 162.816}
DIST 16 8 38 1 {'standard': 223.232, 'replay': 164.864, 'flush': 163.84}
DIST 16 8 39 1 {'standard': 223.232, 'replay': 165.888, 'flush': 163.84}
DIST 16 8 40 1 {'standard': 223.232, 'replay': 165.888, 'flush': 162.816}
DIST 16 8 41 1 {'standard': 224.256, 'replay': 165.888, 'flush': 163.84}
DIST 16 8 42 1 {'standard': 223.232, 'replay': 165.888, 'flush': 163.84}
DIST 16 8 43 1 {'standard': 224.256, 'replay': 165.888, 'flush': 163.84}
DIST 16 8 44 1 {'standard': 223.232, 'replay': 166.912, 'flush': 163.84}
DIST 16 8 45 1 {'standard': 224.256, 'replay': 165.888, 'flush': 163.84}
DIST 16 8 46 1 {'standard': 223.232, 'replay': 166.912, 'flush': 164.864}
DIST 16 8 47 1 {'standard': 224.256, 'replay': 166.912, 'flush': 164.864}
DIST 16 8 48 1 {'standard': 223.232, 'replay': 167.936, 'flush': 163.84}
DIST 16 8 49 1 {'standard': 223.232, 'replay': 167.936, 'flush': 164.864}
DIST 16 8 50 1 {'standard': 223.232, 'replay': 167.936, 'flush': 165.888}
DIST 16 8 51 1 {'standard': 224.256, 'replay': 167.936, 'flush': 164.864}
DIST 16 8 52 1 {'standard': 223.232, 'replay': 167.936, 'flush': 164.864}
DIST 16 8 53 1 {'standard': 224.256, 'replay': 167.936, 'flush': 165.888}
DIST 16 8 54 1 {'standard': 224.256, 'replay': 168.96, 'flush': 165.888}
DIST 16 8 55 1 {'standard': 223.232, 'replay': 168.96, 'flush': 165.888}
DIST 16 8 56 1 {'standard': 223.232, 'replay': 168.96, 'flush': 165.888}
DIST 16 8 57 1 {'standard': 224.256, 'replay': 167.936, 'flush': 166.912}
DIST 16 8 58 1 {'standard': 223.232, 'replay': 168.96, 'flush': 166.912}
DIST 16 8 59 1 {'standard': 223.232, 'replay': 168.96, 'flush': 166.912}
DIST 16 8 60 1 {'standard': 223.232, 'replay': 169.984, 'flush': 166.912}
DIST 16 8 61 1 {'standard': 222.208, 'replay': 169.984, 'flush': 166.912}
DIST 16 8 62 1 {'standard': 223.232, 'replay': 171.008, 'flush': 167.936}
DIST 16 8 63 1 {'standard': 223.232, 'replay': 168.96, 'flush': 166.912}
DIST 16 8 64 1 {'standard': 223.232, 'replay': 169.984, 'flush': 166.912}
DIST 16 8 0 30 {'standard': 233.438, 'replay': 153.907, 'flush': 155.75}
DIST 16 8 1 30 {'standard': 233.677, 'replay': 154.487, 'flush': 157.798}
DIST 16 8 2 30 {'standard': 233.677, 'replay': 154.385, 'flush': 157.423}
DIST 16 8 3 30 {'standard': 233.472, 'replay': 154.283, 'flush': 157.457}
DIST 16 8 4 30 {'standard': 233.745, 'replay': 154.658, 'flush': 157.389}
DIST 16 8 5 30 {'standard': 233.574, 'replay': 154.999, 'flush': 158.413}
DIST 16 8 6 30 {'standard': 233.472, 'replay': 155.034, 'flush': 158.549}
DIST 16 8 7 30 {'standard': 233.813, 'replay': 155.375, 'flush': 158.481}
DIST 16 8 8 30 {'standard': 233.711, 'replay': 155.307, 'flush': 158.618}
DIST 16 8 9 30 {'standard': 233.745, 'replay': 155.989, 'flush': 158.788}
DIST 16 8 10 30 {'standard': 233.643, 'replay': 156.399, 'flush': 159.13}
DIST 16 8 11 30 {'standard': 233.37, 'replay': 156.126, 'flush': 158.925}
DIST 16 8 12 30 {'standard': 233.506, 'replay': 156.228, 'flush': 158.993}
DIST 16 8 13 30 {'standard': 233.677, 'replay': 156.74, 'flush': 159.266}
DIST 16 8 14 30 {'standard': 233.677, 'replay': 156.74, 'flush': 159.266}
DIST 16 8 15 30 {'standard': 233.472, 'replay': 156.877, 'flush': 159.471}
DIST 16 8 16 30 {'standard': 233.574, 'replay': 156.911, 'flush': 159.505}
DIST 16 8 17 30 {'standard': 233.609, 'replay': 157.389, 'flush': 160.188}
DIST 16 8 18 30 {'standard': 233.54, 'replay': 157.116, 'flush': 160.051}
DIST 16 8 19 30 {'standard': 233.813, 'replay': 157.525, 'flush': 160.461}
DIST 16 8 20 30 {'standard': 233.643, 'replay': 157.833, 'flush': 160.427}
DIST 16 8 21 30 {'standard': 233.643, 'replay': 157.867, 'flush': 160.563}
DIST 16 8 22 30 {'standard': 233.506, 'replay': 158.003, 'flush': 160.666}
DIST 16 8 23 30 {'standard': 233.779, 'replay': 158.208, 'flush': 160.666}
DIST 16 8 24 30 {'standard': 233.779, 'replay': 158.071, 'flush': 160.836}
DIST 16 8 25 30 {'standard': 233.506, 'replay': 158.788, 'flush': 160.905}
DIST 16 8 26 30 {'standard': 233.643, 'replay': 158.822, 'flush': 161.041}
DIST 16 8 27 30 {'standard': 233.745, 'replay': 159.027, 'flush': 161.246}
DIST 16 8 28 30 {'standard': 233.404, 'replay': 159.369, 'flush': 161.519}
DIST 16 8 29 30 {'standard': 233.335, 'replay': 159.232, 'flush': 161.28}
DIST 16 8 30 30 {'standard': 233.404, 'replay': 159.403, 'flush': 161.587}
DIST 16 8 31 30 {'standard': 233.711, 'replay': 159.778, 'flush': 161.86}
DIST 16 8 32 30 {'standard': 233.711, 'replay': 159.744, 'flush': 161.519}
DIST 16 8 33 30 {'standard': 233.745, 'replay': 160.358, 'flush': 161.963}
DIST 16 8 34 30 {'standard': 233.609, 'replay': 160.631, 'flush': 162.304}
DIST 16 8 35 30 {'standard': 233.54, 'replay': 160.87, 'flush': 162.27}
DIST 16 8 36 30 {'standard': 233.711, 'replay': 160.939, 'flush': 162.304}
DIST 16 8 37 30 {'standard': 233.506, 'replay': 161.075, 'flush': 162.611}
DIST 16 8 38 30 {'standard': 233.711, 'replay': 161.382, 'flush': 162.714}
DIST 16 8 39 30 {'standard': 233.438, 'replay': 161.587, 'flush': 162.782}
DIST 16 8 40 30 {'standard': 233.711, 'replay': 161.519, 'flush': 163.021}
DIST 16 8 41 30 {'standard': 233.609, 'replay': 161.758, 'flush': 163.26}
DIST 16 8 42 30 {'standard': 233.643, 'replay': 161.178, 'flush': 163.26}
DIST 16 8 43 30 {'standard': 233.54, 'replay': 161.86, 'flush': 163.465}
DIST 16 8 44 30 {'standard': 233.882, 'replay': 162.27, 'flush': 163.567}
DIST 16 8 45 30 {'standard': 233.847, 'replay': 162.475, 'flush': 163.84}
DIST 16 8 46 30 {'standard': 233.609, 'replay': 162.509, 'flush': 163.84}
DIST 16 8 47 30 {'standard': 233.574, 'replay': 162.748, 'flush': 164.011}
DIST 16 8 48 30 {'standard': 233.813, 'replay': 162.679, 'flush': 163.908}
DIST 16 8 49 30 {'standard': 233.813, 'replay': 163.055, 'flush': 164.762}
DIST 16 8 50 30 {'standard': 233.711, 'replay': 163.294, 'flush': 164.591}
DIST 16 8 51 30 {'standard': 233.745, 'replay': 163.26, 'flush': 164.693}
DIST 16 8 52 30 {'standard': 233.574, 'replay': 163.294, 'flush': 164.83}
DIST 16 8 53 30 {'standard': 233.643, 'replay': 163.396, 'flush': 164.966}
DIST 16 8 54 30 {'standard': 233.711, 'replay': 163.908, 'flush': 165.513}
DIST 16 8 55 30 {'standard': 233.643, 'replay': 163.26, 'flush': 164.284}
DIST 16 8 56 30 {'standard': 233.54, 'replay': 163.977, 'flush': 165.547}
DIST 16 8 57 30 {'standard': 233.574, 'replay': 164.352, 'flush': 166.434}
DIST 16 8 58 30 {'standard': 233.677, 'replay': 164.591, 'flush': 166.468}
DIST 16 8 59 30 {'standard': 233.643, 'replay': 164.591, 'flush': 166.537}
DIST 16 8 60 30 {'standard': 233.677, 'replay': 164.625, 'flush': 166.298}
DIST 16 8 61 30 {'standard': 233.404, 'replay': 165.41, 'flush': 166.844}
DIST 16 8 62 30 {'standard': 233.745, 'replay': 164.864, 'flush': 166.741}
DIST 16 8 63 30 {'standard': 233.335, 'replay': 165.308, 'flush': 166.878}
DIST 16 8 64 30 {'standard': 233.301, 'replay': 165.342, 'flush': 167.083}
