DIST 16 16 0 1 {'standard': 399.36, 'replay': 484.352, 'flush': 583.68}
DIST 16 16 1 1 {'standard': 399.36, 'replay': 487.424, 'flush': 585.728}
DIST 16 16 2 1 {'standard': 399.36, 'replay': 489.472, 'flush': 585.728}
DIST 16 16 3 1 {'standard': 399.36, 'replay': 488.448, 'flush': 586.752}
DIST 16 16 4 1 {'standard': 398.336, 'replay': 487.424, 'flush': 585.728}
DIST 16 16 5 1 {'standard': 400.384, 'replay': 489.472, 'flush': 587.776}
DIST 16 16 6 1 {'standard': 399.36, 'replay': 489.472, 'flush': 586.752}
DIST 16 16 7 1 {'standard': 399.36, 'replay': 488.448, 'flush': 585.728}
DIST 16 16 8 1 {'standard': 399.36, 'replay': 488.448, 'flush': 586.752}
DIST 16 16 9 1 {'standard': 399.36, 'replay': 491.52, 'flush': 585.728}
DIST 16 16 10 1 {'standard': 398.336, 'replay': 489.472, 'flush': 586.752}
DIST 16 16 11 1 {'standard': 399.36, 'replay': 489.472, 'flush': 586.752}
DIST 16 16 12 1 {'standard': 399.36, 'replay': 490.496, 'flush': 587.776}
DIST 16 16 13 1 {'standard': 399.36, 'replay': 490.496, 'flush': 585.728}
DIST 16 16 14 1 {'standard': 399.36, 'replay': 492.544, 'flush': 586.752}
DIST 16 16 15 1 {'standard': 399.36, 'replay': 490.496, 'flush': 586.752}
DIST 16 16 16 1 {'standard': 398.336, 'replay': 495.616, 'flush': 585.728}
DIST 16 16 17 1 {'standard': 400.384, 'replay': 492.544, 'flush': 587.776}
DIST 16 16 18 1 {'standard': 398.336, 'replay': 490.496, 'flush': 588.8}
DIST 16 16 19 1 {'standard': 399.36, 'replay': 491.52, 'flush': 589.824}
DIST 16 16 20 1 {'standard': 399.36, 'replay': 493.568, 'flush': 588.8}
DIST 16 16 21 1 {'standard': 399.36, 'replay': 492.544, 'flush': 586.752}
DIST 16 16 22 1 {'standard': 399.36, 'replay': 493.568, 'flush': 588.8}
DIST 16 16 23 1 {'standard': 399.36, 'replay': 494.592, 'flush': 587.776}
DIST 16 16 24 1 {'standard': 399.36, 'replay': 493.568, 'flush': 589.824}
DIST 16 16 25 1 {'standard': 400.384, 'replay': 493.568, 'flush': 588.8}
DIST 16 16 26 1 {'standard': 400.384, 'replay': 495.616, 'flush': 589.824}
DIST 16 16 27 1 {'standard': 399.36, 'replay': 494.592, 'flush': 590.848}
DIST 16 16 28 1 {'standard': 399.36, 'replay': 495.616, 'flush': 590.848}
DIST 16 16 29 1 {'standard': 399.36, 'replay': 494.592, 'flush': 588.8}
DIST 16 16 30 1 {'standard': 400.384, 'replay': 498.688, 'flush': 589.824}
DIST 16 16 31 1 {'standard': 400.384, 'replay': 494.592, 'flush': 590.848}
DIST 16 16 32 1 {'standard': 399.36, 'replay': 496.64, 'flush': 591.872}
DIST 16 16 33 1 {'standard': 399.36, 'replay': 496.64, 'flush': 589.824}
DIST 16 16 34 1 {'standard': 400.384, 'replay': 498.688, 'flush': 590.848}
DIST 16 16 35 1 {'standard': 399.36, 'replay': 496.64, 'flush': 589.824}
DIST 16 16 36 1 {'standard': 399.36, 'replay': 496.64, 'flush': 590.848}
DIST 16 16 37 1 {'standard': 399.36, 'replay': 495.616, 'flush': 590.848}
DIST 16 16 38 1 {'standard': 399.36, 'replay': 498.688, 'flush': 589.824}
DIST 16 16 39 1 {'standard': 400.384, 'replay': 498.688, 'flush': 590.848}
DIST 16 16 40 1 {'standard': 399.36, 'replay': 499.712, 'flush': 591.872}
DIST 16 16 41 1 {'standard': 399.36, 'replay': 500.736, 'flush': 591.872}
DIST 16 16 42 1 {'standard': 399.36, 'replay': 501.76, 'flush': 593.92}
DIST 16 16 43 1 {'standard': 399.36, 'replay': 501.76, 'flush': 592.896}
DIST 16 16 44 1 {'standard': 399.36, 'replay': 501.76, 'flush': 592.896}
DIST 16 16 45 1 {'standard': 399.36, 'replay': 499.712, 'flush': 592.896}
DIST 16 16 46 1 {'standard': 399.36, 'replay': 502.784, 'flush': 593.92}
DIST 16 16 47 1 {'standard': 399.36, 'replay': 501.76, 'flush': 593.92}
DIST 16 16 48 1 {'standard': 400.384, 'replay': 503.808, 'flush': 594.944}
DIST 16 16 49 1 {'standard': 399.36, 'replay': 501.76, 'flush': 595.968}
DIST 16 16 50 1 {'standard': 399.36, 'replay': 502.784, 'flush': 594.944}
DIST 16 16 51 1 {'standard': 399.36, 'replay': 500.736, 'flush': 594.944}
DIST 16 16 52 1 {'standard': 399.36, 'replay': 501.76, 'flush': 595.968}
DIST 16 16 53 1 {'standard': 398.336, 'replay': 504.832, 'flush': 593.92}
DIST 16 16 54 1 {'standard': 398.336, 'replay': 504.832, 'flush': 594.944}
DIST 16 16 55 1 {'standard': 399.36, 'replay': 502.784, 'flush': 595.968}
DIST 16 16 56 1 {'standard': 399.36, 'replay': 504.832, 'flush': 594.944}
DIST 16 16 57 1 {'standard': 399.36, 'replay': 503.808, 'flush': 595.968}
DIST 16 16 58 1 {'standard': 399.36, 'replay': 505.856, 'flush': 596.992}
DIST 16 16 59 1 {'standard': 399.36, 'replay': 504.832, 'flush': 595.968}
DIST 16 16 60 1 {'standard': 398.336, 'replay': 505.856, 'flush': 599.04}
DIST 16 16 61 1 {'standard': 399.36, 'replay': 504.832, 'flush': 596.992}
DIST 16 16 62 1 {'standard': 399.36, 'replay': 503.808, 'flush': 596.992}
DIST 16 16 63 1 {'standard': 399.36, 'replay': 506.88, 'flush': 599.04}
DIST 16 16 64 1 {'standard': 399.36, 'replay': 505.856, 'flush': 596.992}
DIST 16 16 0 30 {'standard': 415.573, 'replay': 488.277, 'flush': 585.421}
DIST 16 16 1 30 {'standard': 415.266, 'replay': 489.472, 'flush': 585.591}
DIST 16 16 2 30 {'standard': 415.744, 'replay': 489.131, 'flush': 587.162}
DIST 16 16 3 30 {'standard': 415.573, 'replay': 489.916, 'flush': 586.377}
DIST 16 16 4 30 {'standard': 415.505, 'replay': 489.745, 'flush': 586.752}
DIST 16 16 5 30 {'standard': 416.222, 'replay': 491.793, 'flush': 588.151}
DIST 16 16 6 30 {'standard': 415.71, 'replay': 491.076, 'flush': 586.923}
DIST 16 16 7 30 {'standard': 415.71, 'replay': 491.657, 'flush': 587.196}
DIST 16 16 8 30 {'standard': 415.505, 'replay': 491.793, 'flush': 587.81}
DIST 16 16 9 30 {'standard': 415.437, 'replay': 492.305, 'flush': 588.151}
DIST 16 16 10 30 {'standard': 415.642, 'replay': 492.783, 'flush': 588.254}
DIST 16 16 11 30 {'standard': 415.505, 'replay': 493.295, 'flush': 588.629}
DIST 16 16 12 30 {'standard': 415.573, 'replay': 492.919, 'flush': 589.551}
DIST 16 16 13 30 {'standard': 415.095, 'replay': 493.056, 'flush': 588.663}
DIST 16 16 14 30 {'standard': 415.573, 'replay': 493.124, 'flush': 589.21}
DIST 16 16 15 30 {'standard': 415.573, 'replay': 491.793, 'flush': 585.66}
DIST 16 16 16 30 {'standard': 415.471, 'replay': 493.978, 'flush': 589.961}
DIST 16 16 17 30 {'standard': 415.71, 'replay': 493.841, 'flush': 589.722}
DIST 16 16 18 30 {'standard': 415.539, 'replay': 494.387, 'flush': 590.609}
DIST 16 16 19 30 {'standard': 415.505, 'replay': 494.797, 'flush': 590.37}
DIST 16 16 20 30 {'standard': 415.573, 'replay': 494.831, 'flush': 590.643}
DIST 16 16 21 30 {'standard': 415.676, 'replay': 494.797, 'flush': 589.756}
DIST 16 16 22 30 {'standard': 415.744, 'replay': 495.855, 'flush': 591.701}
DIST 16 16 23 30 {'standard': 415.846, 'replay': 495.616, 'flush': 591.326}
DIST 16 16 24 30 {'standard': 415.369, 'replay': 495.036, 'flush': 591.36}
DIST 16 16 25 30 {'standard': 415.505, 'replay': 494.899, 'flush': 588.015}
DIST 16 16 26 30 {'standard': 415.437, 'replay': 497.63, 'flush': 592.213}
DIST 16 16 27 30 {'standard': 415.676, 'replay': 497.732, 'flush': 592.521}
DIST 16 16 28 30 {'standard': 415.539, 'replay': 496.674, 'flush': 591.838}
DIST 16 16 29 30 {'standard': 415.607, 'replay': 498.039, 'flush': 592.486}
DIST 16 16 30 30 {'standard': 415.437, 'replay': 498.347, 'flush': 593.101}
DIST 16 16 31 30 {'standard': 415.539, 'replay': 498.074, 'flush': 592.555}
DIST 16 16 32 30 {'standard': 415.744, 'replay': 499.063, 'flush': 593.237}
DIST 16 16 33 30 {'standard': 415.505, 'replay': 499.2, 'flush': 592.794}
DIST 16 16 34 30 {'standard': 415.334, 'replay': 499.746, 'flush': 593.818}
DIST 16 16 35 30 {'standard': 415.676, 'replay': 500.122, 'flush': 594.193}
DIST 16 16 36 30 {'standard': 415.846, 'replay': 500.873, 'flush': 595.046}
DIST 16 16 37 30 {'standard': 415.539, 'replay': 500.838, 'flush': 594.33}
DIST 16 16 38 30 {'standard': 415.437, 'replay': 500.975, 'flush': 595.217}
DIST 16 16 39 30 {'standard': 415.471, 'replay': 502.067, 'flush': 595.388}
DIST 16 16 40 30 {'standard': 415.744, 'replay': 502.579, 'flush': 595.183}
DIST 16 16 41 30 {'standard': 415.573, 'replay': 502.647, 'flush': 596.821}
DIST 16 16 42 30 {'standard': 415.676, 'replay': 502.272, 'flush': 596.582}
DIST 16 16 43 30 {'standard': 415.607, 'replay': 503.125, 'flush': 595.9}
DIST 16 16 44 30 {'standard': 415.607, 'replay': 503.023, 'flush': 597.163}
DIST 16 16 45 30 {'standard': 415.573, 'replay': 504.081, 'flush': 597.982}
DIST 16 16 46 30 {'standard': 415.471, 'replay': 504.218, 'flush': 597.675}
DIST 16 16 47 30 {'standard': 415.676, 'replay': 504.457, 'flush': 598.118}
DIST 16 16 48 30 {'standard': 415.778, 'replay': 505.207, 'flush': 597.948}
DIST 16 16 49 30 {'standard': 415.471, 'replay': 505.071, 'flush': 598.255}
DIST 16 16 50 30 {'standard': 415.744, 'replay': 505.105, 'flush': 600.474}
DIST 16 16 51 30 {'standard': 415.642, 'replay': 505.719, 'flush': 600.815}
DIST 16 16 52 30 {'standard': 415.71, 'replay': 505.924, 'flush': 601.122}
DIST 16 16 53 30 {'standard': 415.881, 'replay': 507.119, 'flush': 601.361}
DIST 16 16 54 30 {'standard': 415.642, 'replay': 506.812, 'flush': 601.293}
DIST 16 16 55 30 {'standard': 415.607, 'replay': 506.436, 'flush': 599.962}
DIST 16 16 56 30 {'standard': 415.676, 'replay': 507.017, 'flush': 601.395}
DIST 16 16 57 30 {'standard': 415.812, 'replay': 508.109, 'flush': 603.034}
DIST 16 16 58 30 {'standard': 416.119, 'replay': 507.529, 'flush': 603.17}
DIST 16 16 59 30 {'standard': 415.676, 'replay': 508.109, 'flush': 601.941}
DIST 16 16 60 30 {'standard': 415.778, 'replay': 509.269, 'flush': 602.624}
DIST 16 16 61 30 {'standard': 416.119, 'replay': 508.86, 'flush': 604.979}
DIST 16 16 62 30 {'standard': 415.71, 'replay': 509.201, 'flush': 602.965}
DIST 16 16 63 30 {'standard': 415.471, 'replay': 508.86, 'flush': 603.307}
DIST 16 16 64 30 {'standard': 415.573, 'replay': 509.679, 'flush': 602.283}
