DIST 8 32 0 1 {'standard': 414.72, 'replay': 3984.384, 'flush': 1709.056}
DIST 8 32 1 1 {'standard': 413.696, 'replay': 3973.12, 'flush': 1710.08}
DIST 8 32 2 1 {'standard': 418.816, 'replay': 3978.24, 'flush': 1709.056}
DIST 8 32 3 1 {'standard': 414.72, 'replay': 4011.008, 'flush': 1709.056}
DIST 8 32 4 1 {'standard': 410.624, 'replay': 3974.144, 'flush': 1710.08}
DIST 8 32 5 1 {'standard': 415.744, 'replay': 3985.408, 'flush': 1708.032}
DIST 8 32 6 1 {'standard': 414.72, 'replay': 3973.12, 'flush': 1709.056}
DIST 8 32 7 1 {'standard': 408.576, 'replay': 3983.36, 'flush': 1709.056}
DIST 8 32 8 1 {'standard': 413.696, 'replay': 3964.928, 'flush': 1710.08}
DIST 8 32 9 1 {'standard': 414.72, 'replay': 3976.192, 'flush': 1709.056}
DIST 8 32 10 1 {'standard': 415.744, 'replay': 3966.976, 'flush': 1710.08}
DIST 8 32 11 1 {'standard': 409.6, 'replay': 3964.928, 'flush': 1710.08}
DIST 8 32 12 1 {'standard': 416.768, 'replay': 3970.048, 'flush': 1711.104}
DIST 8 32 13 1 {'standard': 416.768, 'replay': 3996.672, 'flush': 1711.104}
DIST 8 32 14 1 {'standard': 416.768, 'replay': 3961.856, 'flush': 1711.104}
DIST 8 32 15 1 {'standard': 416.768, 'replay': 3984.384, 'flush': 1710.08}
DIST 8 32 16 1 {'standard': 414.72, 'replay': 3973.12, 'flush': 1711.104}
DIST 8 32 17 1 {'standard': 413.696, 'replay': 3978.24, 'flush': 1710.08}
DIST 8 32 18 1 {'standard': 409.6, 'replay': 3974.144, 'flush': 1712.128}
DIST 8 32 19 1 {'standard': 412.672, 'replay': 3985.408, 'flush': 1710.08}
DIST 8 32 20 1 {'standard': 413.696, 'replay': 3961.856, 'flush': 1712.128}
DIST 8 32 21 1 {'standard': 417.792, 'replay': 4006.912, 'flush': 1711.104}
DIST 8 32 22 1 {'standard': 408.576, 'replay': 3979.264, 'flush': 1710.08}
DIST 8 32 23 1 {'standard': 415.744, 'replay': 3976.192, 'flush': 1712.128}
DIST 8 32 24 1 {'standard': 409.6, 'replay': 3980.288, 'flush': 1712.128}
DIST 8 32 25 1 {'standard': 414.72, 'replay': 3978.24, 'flush': 1710.08}
DIST 8 32 26 1 {'standard': 413.696, 'replay': 3981.312, 'flush': 1711.104}
DIST 8 32 27 1 {'standard': 409.6, 'replay': 3996.672, 'flush': 1710.08}
DIST 8 32 28 1 {'standard': 407.552, 'replay': 3979.264, 'flush': 1713.152}
DIST 8 32 29 1 {'standard': 413.696, 'replay': 3979.264, 'flush': 1713.152}
DIST 8 32 30 1 {'standard': 416.768, 'replay': 3992.576, 'flush': 1711.104}
DIST 8 32 31 1 {'standard': 416.768, 'replay': 4001.792, 'flush': 1712.128}
DIST 8 32 32 1 {'standard': 414.72, 'replay': 3988.48, 'flush': 1714.176}
DIST 8 32 33 1 {'standard': 417.792, 'replay': 3992.576, 'flush': 1714.176}
DIST 8 32 34 1 {'standard': 415.744, 'replay': 3995.648, 'flush': 1712.128}
DIST 8 32 35 1 {'standard': 414.72, 'replay': 3976.192, 'flush': 1714.176}
DIST 8 32 36 1 {'standard': 416.768, 'replay': 3968.0, 'flush': 1711.104}
DIST 8 32 37 1 {'standard': 415.744, 'replay': 3985.408, 'flush': 1714.176}
DIST 8 32 38 1 {'standard': 414.72, 'replay': 3983.36, 'flush': 1715.2}
DIST 8 32 39 1 {'standard': 415.744, 'replay': 3992.576, 'flush': 1714.176}
DIST 8 32 40 1 {'standard': 409.6, 'replay': 3984.384, 'flush': 1715.2}
DIST 8 32 41 1 {'standard': 414.72, 'replay': 3979.264, 'flush': 1715.2}
DIST 8 32 42 1 {'standard': 411.648, 'replay': 3978.24, 'flush': 1713.152}
DIST 8 32 43 1 {'standard': 407.552, 'replay': 3988.48, 'flush': 1712.128}
DIST 8 32 44 1 {'standard': 412.672, 'replay': 3973.12, 'flush': 1714.176}
DIST 8 32 45 1 {'standard': 413.696, 'replay': 3982.336, 'flush': 1713.152}
DIST 8 32 46 1 {'standard': 407.552, 'replay': 3980.288, 'flush': 1713.152}
DIST 8 32 47 1 {'standard': 411.648, 'replay': 3995.648, 'flush': 1713.152}
DIST 8 32 48 1 {'standard': 408.576, 'replay': 3979.264, 'flush': 1715.2}
DIST 8 32 49 1 {'standard': 416.768, 'replay': 3996.672, 'flush': 1715.2}
DIST 8 32 50 1 {'standard': 412.672, 'replay': 3972.096, 'flush': 1713.152}
DIST 8 32 51 1 {'standard': 413.696, 'replay': 3993.6, 'flush': 1714.176}
DIST 8 32 52 1 {'standard': 412.672, 'replay': 3975.168, 'flush': 1716.224}
DIST 8 32 53 1 {'standard': 416.768, 'replay': 3983.36, 'flush': 1714.176}
DIST 8 32 54 1 {'standard': 408.576, 'replay': 3994.624, 'flush': 1716.224}
DIST 8 32 55 1 {'standard': 415.744, 'replay': 4001.792, 'flush': 1717.248}
DIST 8 32 56 1 {'standard': 416.768, 'replay': 3995.648, 'flush': 1714.176}
DIST 8 32 57 1 {'standard': 416.768, 'replay': 3977.216, 'flush': 1714.176}
DIST 8 32 58 1 {'standard': 409.6, 'replay': 3982.336, 'flush': 1715.2}
DIST 8 32 59 1 {'standard': 415.744, 'replay': 3980.288, 'flush': 1714.176}
DIST 8 32 60 1 {'standard': 409.6, 'replay': 3978.24, 'flush': 1714.176}
DIST 8 32 61 1 {'standard': 414.72, 'replay': 3990.528, 'flush': 1716.224}
DIST 8 32 62 1 {'standard': 416.768, 'replay': 3987.456, 'flush': 1716.224}
DIST 8 32 63 1 {'standard': 411.648, 'replay': 3994.624, 'flush': 1717.248}
DIST 8 32 64 1 {'standard': 415.744, 'replay': 3975.168, 'flush': 1717.248}
DIST 8 32 0 30 {'standard': 417.178, 'replay': 3987.524, 'flush': 1706.257}
DIST 8 32 1 30 {'standard': 416.461, 'replay': 3985.954, 'flush': 1706.906}
DIST 8 32 2 30 {'standard': 416.87, 'replay': 3988.105, 'flush': 1707.145}
DIST 8 32 3 30 {'standard': 416.939, 'replay': 3985.476, 'flush': 1707.11}
DIST 8 32 4 30 {'standard': 417.041, 'replay': 3990.323, 'flush': 1707.349}
DIST 8 32 5 30 {'standard': 416.802, 'replay': 3986.91, 'flush': 1708.578}
DIST 8 32 6 30 {'standard': 416.939, 'replay': 3987.319, 'flush': 1708.544}
DIST 8 32 7 30 {'standard': 417.178, 'replay': 3988.446, 'flush': 1707.759}
DIST 8 32 8 30 {'standard': 417.246, 'replay': 3988.89, 'flush': 1708.373}
DIST 8 32 9 30 {'standard': 417.246, 'replay': 3988.992, 'flush': 1708.339}
DIST 8 32 10 30 {'standard': 416.87, 'replay': 3988.105, 'flush': 1708.203}
DIST 8 32 11 30 {'standard': 416.973, 'replay': 3989.879, 'flush': 1707.281}
DIST 8 32 12 30 {'standard': 417.143, 'replay': 3987.866, 'flush': 1708.646}
DIST 8 32 13 30 {'standard': 416.631, 'replay': 3989.026, 'flush': 1708.578}
DIST 8 32 14 30 {'standard': 416.495, 'replay': 3993.6, 'flush': 1708.407}
DIST 8 32 15 30 {'standard': 416.973, 'replay': 3991.62, 'flush': 1709.158}
DIST 8 32 16 30 {'standard': 416.7, 'replay': 3991.449, 'flush': 1708.783}
DIST 8 32 17 30 {'standard': 417.246, 'replay': 3985.783, 'flush': 1708.68}
DIST 8 32 18 30 {'standard': 416.87, 'replay': 3991.552, 'flush': 1709.022}
DIST 8 32 19 30 {'standard': 417.178, 'replay': 3990.63, 'flush': 1709.022}
DIST 8 32 20 30 {'standard': 417.143, 'replay': 3988.446, 'flush': 1709.978}
DIST 8 32 21 30 {'standard': 416.631, 'replay': 3989.47, 'flush': 1710.012}
DIST 8 32 22 30 {'standard': 416.802, 'replay': 3995.341, 'flush': 1709.193}
DIST 8 32 23 30 {'standard': 417.178, 'replay': 3990.289, 'flush': 1710.319}
DIST 8 32 24 30 {'standard': 416.802, 'replay': 3996.262, 'flush': 1710.626}
DIST 8 32 25 30 {'standard': 417.178, 'replay': 3992.917, 'flush': 1711.548}
DIST 8 32 26 30 {'standard': 416.939, 'replay': 3992.883, 'flush': 1709.909}
DIST 8 32 27 30 {'standard': 417.041, 'replay': 3996.672, 'flush': 1711.036}
DIST 8 32 28 30 {'standard': 416.7, 'replay': 4000.017, 'flush': 1710.046}
DIST 8 32 29 30 {'standard': 416.836, 'replay': 3994.248, 'flush': 1710.285}
DIST 8 32 30 30 {'standard': 416.734, 'replay': 3991.142, 'flush': 1711.855}
DIST 8 32 31 30 {'standard': 417.178, 'replay': 3991.279, 'flush': 1711.445}
DIST 8 32 32 30 {'standard': 417.143, 'replay': 3995.546, 'flush': 1712.23}
DIST 8 32 33 30 {'standard': 417.246, 'replay': 3996.877, 'flush': 1714.893}
DIST 8 32 34 30 {'standard': 416.358, 'replay': 3996.399, 'flush': 1712.503}
DIST 8 32 35 30 {'standard': 416.666, 'replay': 3995.034, 'flush': 1711.718}
DIST 8 32 36 30 {'standard': 416.631, 'replay': 3993.02, 'flush': 1712.606}
DIST 8 32 37 30 {'standard': 417.075, 'replay': 3992.235, 'flush': 1711.855}
DIST 8 32 38 30 {'standard': 416.461, 'replay': 3995.819, 'flush': 1712.435}
DIST 8 32 39 30 {'standard': 416.973, 'replay': 3994.658, 'flush': 1711.855}
DIST 8 32 40 30 {'standard': 417.143, 'replay': 3998.208, 'flush': 1712.06}
DIST 8 32 41 30 {'standard': 416.905, 'replay': 3998.276, 'flush': 1712.913}
DIST 8 32 42 30 {'standard': 416.87, 'replay': 3992.917, 'flush': 1713.971}
DIST 8 32 43 30 {'standard': 416.87, 'replay': 3995.238, 'flush': 1712.879}
DIST 8 32 44 30 {'standard': 417.382, 'replay': 4006.024, 'flush': 1713.323}
DIST 8 32 45 30 {'standard': 416.802, 'replay': 3991.62, 'flush': 1712.469}
DIST 8 32 46 30 {'standard': 416.529, 'replay': 3995.785, 'flush': 1714.176}
DIST 8 32 47 30 {'standard': 416.7, 'replay': 3997.901, 'flush': 1714.074}
DIST 8 32 48 30 {'standard': 416.836, 'replay': 3996.433, 'flush': 1714.142}
DIST 8 32 49 30 {'standard': 417.075, 'replay': 3992.405, 'flush': 1713.801}
DIST 8 32 50 30 {'standard': 416.802, 'replay': 3993.805, 'flush': 1713.63}
DIST 8 32 51 30 {'standard': 417.109, 'replay': 3996.74, 'flush': 1715.336}
DIST 8 32 52 30 {'standard': 416.87, 'replay': 4001.928, 'flush': 1714.517}
DIST 8 32 53 30 {'standard': 416.802, 'replay': 3994.692, 'flush': 1713.971}
DIST 8 32 54 30 {'standard': 416.973, 'replay': 3995.17, 'flush': 1715.678}
DIST 8 32 55 30 {'standard': 417.178, 'replay': 3997.491, 'flush': 1715.371}
DIST 8 32 56 30 {'standard': 417.212, 'replay': 3996.467, 'flush': 1714.108}
DIST 8 32 57 30 {'standard': 417.109, 'replay': 3997.013, 'flush': 1714.586}
DIST 8 32 58 30 {'standard': 417.246, 'replay': 3991.245, 'flush': 1715.883}
DIST 8 32 59 30 {'standard': 417.041, 'replay': 3993.702, 'flush': 1716.668}
DIST 8 32 60 30 {'standard': 416.973, 'replay': 3995.546, 'flush': 1714.551}
DIST 8 32 61 30 {'standard': 416.905, 'replay': 3997.901, 'flush': 1715.371}
DIST 8 32 62 30 {'standard': 416.87, 'replay': 3997.798, 'flush': 1715.951}
DIST 8 32 63 30 {'standard': 416.666, 'replay': 3997.355, 'flush': 1715.883}
DIST 8 32 64 30 {'standard': 416.256, 'replay': 3994.795, 'flush': 1714.859}
