DIST 16 4 0 1 {'standard': 139.264, 'replay': 122.88, 'flush': 139.264}
DIST 16 4 1 1 {'standard': 138.24, 'replay': 123.904, 'flush': 140.288}
DIST 16 4 2 1 {'standard': 138.24, 'replay': 123.904, 'flush': 141.312}
DIST 16 4 3 1 {'standard': 138.24, 'replay': 123.904, 'flush': 141.312}
DIST 16 4 4 1 {'standard': 138.24, 'replay': 123.904, 'flush': 141.312}
DIST 16 4 5 1 {'standard': 138.24, 'replay': 124.928, 'flush': 141.312}
DIST 16 4 6 1 {'standard': 139.264, 'replay': 124.928, 'flush': 142.336}
DIST 16 4 7 1 {'standard': 138.24, 'replay': 124.928, 'flush': 142.336}
DIST 16 4 8 1 {'standard': 138.24, 'replay': 124.928, 'flush': 141.312}
DIST 16 4 9 1 {'standard': 138.24, 'replay': 124.928, 'flush': 142.336}
DIST 16 4 10 1 {'standard': 138.24, 'replay': 125.952, 'flush': 142.336}
DIST 16 4 11 1 {'standard': 138.24, 'replay': 125.952, 'flush': 142.336}
DIST 16 4 12 1 {'standard': 139.264, 'replay': 124.928, 'flush': 142.336}
DIST 16 4 13 1 {'standard': 139.264, 'replay': 125.952, 'flush': 142.336}
DIST 16 4 14 1 {'standard': 138.24, 'replay': 125.952, 'flush': 142.336}
DIST 16 4 15 1 {'standard': 138.24, 'replay': 124.928, 'flush': 142.336}
DIST 16 4 16 1 {'standard': 138.24, 'replay': 125.952, 'flush': 143.36}
DIST 16 4 17 1 {'standard': 138.24, 'replay': 125.952, 'flush': 143.36}
DIST 16 4 18 1 {'standard': 139.264, 'replay': 125.952, 'flush': 143.36}
DIST 16 4 19 1 {'standard': 139.264, 'replay': 126.976, 'flush': 143.36}
DIST 16 4 20 1 {'standard': 139.264, 'replay': 126.976, 'flush': 143.36}
DIST 16 4 21 1 {'standard': 138.24, 'replay': 126.976, 'flush': 143.36}
DIST 16 4 22 1 {'standard': 139.264, 'replay': 126.976, 'flush': 143.36}
DIST 16 4 23 1 {'standard': 138.24, 'replay': 126.976, 'flush': 143.36}
DIST 16 4 24 1 {'standard': 138.24, 'replay': 126.976, 'flush': 144.384}
DIST 16 4 25 1 {'standard': 138.24, 'replay': 126.976, 'flush': 143.36}
DIST 16 4 26 1 {'standard': 139.264, 'replay': 126.976, 'flush': 144.384}
DIST 16 4 27 1 {'standard': 138.24, 'replay': 126.976, 'flush': 143.36}
DIST 16 4 28 1 {'standard': 139.264, 'replay': 126.976, 'flush': 143.36}
DIST 16 4 29 1 {'standard': 138.24, 'replay': 128.0, 'flush': 144.384}
DIST 16 4 30 1 {'standard': 139.264, 'replay': 128.0, 'flush': 144.384}
DIST 16 4 31 1 {'standard': 139.264, 'replay': 126.976, 'flush': 144.384}
DIST 16 4 32 1 {'standard': 138.24, 'replay': 128.0, 'flush': 144.384}
DIST 16 4 33 1 {'standard': 139.264, 'replay': 128.0, 'flush': 144.384}
DIST 16 4 34 1 {'standard': 138.24, 'replay': 128.0, 'flush': 145.408}
DIST 16 4 35 1 {'standard': 138.24, 'replay': 128.0, 'flush': 145.408}
DIST 16 4 36 1 {'standard': 139.264, 'replay': 128.0, 'flush': 145.408}
DIST 16 4 37 1 {'standard': 139.264, 'replay': 128.0, 'flush': 145.408}
DIST 16 4 38 1 {'standard': 138.24, 'replay': 129.024, 'flush': 145.408}
DIST 16 4 39 1 {'standard': 138.24, 'replay': 128.0, 'flush': 145.408}
DIST 16 4 40 1 {'standard': 138.24, 'replay': 129.024, 'flush': 145.408}
DIST 16 4 41 1 {'standard': 138.24, 'replay': 129.024, 'flush': 145.408}
DIST 16 4 42 1 {'standard': 139.264, 'replay': 129.024, 'flush': 146.432}
DIST 16 4 43 1 {'standard': 139.264, 'replay': 129.024, 'flush': 145.408}
DIST 16 4 44 1 {'standard': 138.24, 'replay': 130.048, 'flush': 146.432}
DIST 16 4 45 1 {'standard': 138.24, 'replay': 130.048, 'flush': 146.432}
DIST 16 4 46 1 {'standard': 138.24, 'replay': 129.024, 'flush': 146.432}
DIST 16 4 47 1 {'standard': 138.24, 'replay': 129.024, 'flush': 146.432}
DIST 16 4 48 1 {'standard': 138.24, 'replay': 129.024, 'flush': 146.432}
DIST 16 4 49 1 {'standard': 138.24, 'replay': 129.024, 'flush': 146.432}
DIST 16 4 50 1 {'standard': 138.24, 'replay': 130.048, 'flush': 146.432}
DIST 16 4 51 1 {'standard': 138.24, 'replay': 130.048, 'flush': 146.432}
DIST 16 4 52 1 {'standard': 138.24, 'replay': 130.048, 'flush': 146.432}
DIST 16 4 53 1 {'standard': 138.24, 'replay': 130.048, 'flush': 146.432}
DIST 16 4 54 1 {'standard': 138.24, 'replay': 130.048, 'flush': 146.432}
DIST 16 4 55 1 {'standard': 139.264, 'replay': 130.048, 'flush': 147.456}
DIST 16 4 56 1 {'standard': 138.24, 'replay': 130.048, 'flush': 147.456}
DIST 16 4 57 1 {'standard': 138.24, 'replay': 130.048, 'flush': 147.456}
DIST 16 4 58 1 {'standard': 138.24, 'replay': 130.048, 'flush': 147.456}
DIST 16 4 59 1 {'standard': 138.24, 'replay': 131.072, 'flush': 147.456}
DIST 16 4 60 1 {'standard': 138.24, 'replay': 131.072, 'flush': 147.456}
DIST 16 4 61 1 {'standard': 138.24, 'replay': 132.096, 'flush': 148.48}
DIST 16 4 62 1 {'standard': 138.24, 'replay': 132.096, 'flush': 148.48}
DIST 16 4 63 1 {'standard': 138.24, 'replay': 132.096, 'flush': 148.48}
DIST 16 4 64 1 {'standard': 138.24, 'replay': 132.096, 'flush': 148.48}
DIST 16 4 0 30 {'standard': 143.36, 'replay': 116.531, 'flush': 135.373}
DIST 16 4 1 30 {'standard': 143.462, 'replay': 117.146, 'flush': 136.841}
DIST 16 4 2 30 {'standard': 143.258, 'replay': 117.214, 'flush': 136.806}
DIST 16 4 3 30 {'standard': 143.258, 'replay': 117.35, 'flush': 136.841}
DIST 16 4 4 30 {'standard': 143.292, 'replay': 117.35, 'flush': 136.943}
DIST 16 4 5 30 {'standard': 143.292, 'replay': 118.306, 'flush': 137.762}
DIST 16 4 6 30 {'standard': 143.326, 'replay': 118.135, 'flush': 137.66}
DIST 16 4 7 30 {'standard': 143.428, 'replay': 118.204, 'flush': 137.762}
DIST 16 4 8 30 {'standard': 143.36, 'replay': 118.272, 'flush': 137.83}
DIST 16 4 9 30 {'standard': 143.258, 'replay': 118.443, 'flush': 137.967}
DIST 16 4 10 30 {'standard': 143.462, 'replay': 119.262, 'flush': 138.957}
DIST 16 4 11 30 {'standard': 143.258, 'replay': 118.818, 'flush': 138.172}
DIST 16 4 12 30 {'standard': 143.223, 'replay': 118.784, 'flush': 138.342}
DIST 16 4 13 30 {'standard': 143.565, 'replay': 119.671, 'flush': 139.298}
DIST 16 4 14 30 {'standard': 143.326, 'replay': 119.74, 'flush': 139.435}
DIST 16 4 15 30 {'standard': 143.531, 'replay': 119.91, 'flush': 139.469}
DIST 16 4 16 30 {'standard': 143.394, 'replay': 119.91, 'flush': 139.605}
DIST 16 4 17 30 {'standard': 143.462, 'replay': 120.218, 'flush': 139.981}
DIST 16 4 18 30 {'standard': 143.36, 'replay': 119.808, 'flush': 139.332}
DIST 16 4 19 30 {'standard': 143.565, 'replay': 120.422, 'flush': 140.356}
DIST 16 4 20 30 {'standard': 143.565, 'replay': 120.218, 'flush': 139.708}
DIST 16 4 21 30 {'standard': 143.394, 'replay': 120.183, 'flush': 139.742}
DIST 16 4 22 30 {'standard': 143.394, 'replay': 120.832, 'flush': 140.425}
DIST 16 4 23 30 {'standard': 143.428, 'replay': 120.9, 'flush': 140.493}
DIST 16 4 24 30 {'standard': 143.36, 'replay': 120.218, 'flush': 139.708}
DIST 16 4 25 30 {'standard': 143.497, 'replay': 121.071, 'flush': 140.834}
DIST 16 4 26 30 {'standard': 143.428, 'replay': 121.173, 'flush': 141.005}
DIST 16 4 27 30 {'standard': 143.462, 'replay': 121.31, 'flush': 141.107}
DIST 16 4 28 30 {'standard': 143.36, 'replay': 121.412, 'flush': 141.346}
DIST 16 4 29 30 {'standard': 143.565, 'replay': 121.446, 'flush': 141.312}
DIST 16 4 30 30 {'standard': 143.497, 'replay': 121.754, 'flush': 141.38}
DIST 16 4 31 30 {'standard': 143.497, 'replay': 121.754, 'flush': 141.414}
DIST 16 4 32 30 {'standard': 143.428, 'replay': 121.617, 'flush': 141.449}
DIST 16 4 33 30 {'standard': 143.565, 'replay': 121.958, 'flush': 141.653}
DIST 16 4 34 30 {'standard': 143.326, 'replay': 121.344, 'flush': 140.937}
DIST 16 4 35 30 {'standard': 143.36, 'replay': 121.924, 'flush': 141.824}
DIST 16 4 36 30 {'standard': 143.326, 'replay': 122.231, 'flush': 142.234}
DIST 16 4 37 30 {'standard': 143.394, 'replay': 122.368, 'flush': 142.199}
DIST 16 4 38 30 {'standard': 143.531, 'replay': 122.027, 'flush': 141.517}
DIST 16 4 39 30 {'standard': 143.428, 'replay': 122.675, 'flush': 142.541}
DIST 16 4 40 30 {'standard': 143.462, 'replay': 122.743, 'flush': 142.541}
DIST 16 4 41 30 {'standard': 143.428, 'replay': 122.914, 'flush': 142.711}
DIST 16 4 42 30 {'standard': 143.326, 'replay': 122.334, 'flush': 141.961}
DIST 16 4 43 30 {'standard': 143.428, 'replay': 123.085, 'flush': 142.882}
DIST 16 4 44 30 {'standard': 143.462, 'replay': 123.29, 'flush': 143.121}
DIST 16 4 45 30 {'standard': 143.565, 'replay': 123.529, 'flush': 143.428}
DIST 16 4 46 30 {'standard': 143.531, 'replay': 123.426, 'flush': 143.599}
DIST 16 4 47 30 {'standard': 143.462, 'replay': 123.46, 'flush': 143.565}
DIST 16 4 48 30 {'standard': 143.428, 'replay': 123.529, 'flush': 143.77}
DIST 16 4 49 30 {'standard': 143.462, 'replay': 123.46, 'flush': 143.735}
DIST 16 4 50 30 {'standard': 143.531, 'replay': 123.699, 'flush': 144.043}
DIST 16 4 51 30 {'standard': 143.428, 'replay': 123.972, 'flush': 144.213}
DIST 16 4 52 30 {'standard': 143.326, 'replay': 123.392, 'flush': 144.145}
DIST 16 4 53 30 {'standard': 143.326, 'replay': 124.279, 'flush': 144.486}
DIST 16 4 54 30 {'standard': 143.394, 'replay': 124.348, 'flush': 144.521}
DIST 16 4 55 30 {'standard': 143.599, 'replay': 124.279, 'flush': 144.418}
DIST 16 4 56 30 {'standard': 143.36, 'replay': 124.518, 'flush': 144.623}
DIST 16 4 57 30 {'standard': 143.394, 'replay': 124.655, 'flush': 144.691}
DIST 16 4 58 30 {'standard': 143.497, 'replay': 124.826, 'flush': 144.759}
DIST 16 4 59 30 {'standard': 143.497, 'replay': 124.86, 'flush': 144.93}
DIST 16 4 60 30 {'standard': 143.223, 'replay': 124.211, 'flush': 144.009}
DIST 16 4 61 30 {'standard': 143.394, 'replay': 126.191, 'flush': 145.92}
DIST 16 4 62 30 {'standard': 143.565, 'replay': 126.464, 'flush': 146.159}
DIST 16 4 63 30 {'standard': 143.36, 'replay': 126.259, 'flush': 146.057}
DIST 16 4 64 30 {'standard': 143.428, 'replay': 125.85, 'flush': 145.306}
